// Jest Snapshot v1, https://goo.gl/fbAQLP

exports[`DiscardButton Component Check if component exists or not and capture snapshot 1`] = `
<Button
  className="btn-discard-default"
  onClick={[MockFunction]}
  type="link"
>
  <ForwardRef(CloseCircleOutlined)
    className="btn-discard-icon"
  />
   
  Discard
</Button>
`;
